// Jest Snapshot v1, https://goo.gl/fbAQLP

exports[`field type 1`] = `
{
  "Executer": [Function],
}
`;

exports[`field type 2`] = `
{
  "test-node": "test",
}
`;
