// Jest Snapshot v1, https://goo.gl/fbAQLP

exports[`object 1`] = `
{
  "objectInfo": {
    "description": "",
    "fieldInfoList": [
      {
        "description": "",
        "name": "test1",
        "title": "测试对象测试1对象字段",
        "typeInfo": {
          "maxLength": "10",
          "type": "String",
        },
      },
      {
        "description": "",
        "name": "test2",
        "title": "测试对象测试2对象字段",
        "typeInfo": {
          "maxLength": "10",
          "type": "String",
        },
      },
      {
        "description": "",
        "name": "test3",
        "title": "测试对象测试3对象字段",
        "typeInfo": {
          "maxLength": "10",
          "type": "String",
        },
      },
    ],
    "name": "test",
    "title": "测试对象",
  },
}
`;
