// Jest Snapshot v1, https://goo.gl/fbAQLP

exports[`object field 1`] = `
{
  "name": "test",
  "typeInfo": {
    "maxLength": "10",
    "type": "String",
  },
}
`;
