// Jest Snapshot v1, https://goo.gl/fbAQLP

exports[`getDependencies 1`] = `
[
  {
    "name": "@ldsg/handler",
  },
]
`;
