// Jest Snapshot v1, https://goo.gl/fbAQLP

exports[`service getUriInfo 1`] = `
{
  "fragment": "body",
  "host": "example.com",
  "path": "/one/two.three",
  "port": 123,
  "query": "q1=a1&q2=a2",
  "reference": "uri",
  "scheme": "uri",
  "userinfo": "user:pass",
}
`;
