// Jest Snapshot v1, https://goo.gl/fbAQLP

exports[`unit 1`] = `
{
  "description": "",
  "inputObjectInfo": {
    "description": "",
    "fieldInfoList": [
      {
        "description": "",
        "name": "test-1",
        "title": "测试对象1测试字段1",
        "typeInfo": {
          "maxLength": "10",
          "type": "String",
        },
      },
      {
        "description": "",
        "name": "test-2",
        "title": "测试对象1测试字段2",
        "typeInfo": {
          "maxLength": "10",
          "type": "String",
        },
      },
      {
        "description": "",
        "name": "test-3",
        "title": "测试对象1测试字段3",
        "typeInfo": {
          "maxLength": "10",
          "type": "String",
        },
      },
    ],
    "name": "test-object-1",
    "title": "测试对象1",
  },
  "name": "test-form",
  "outputObjectInfo": {
    "description": "",
    "fieldInfoList": [
      {
        "description": "",
        "name": "test-1",
        "title": "测试对象2测试字段1",
        "typeInfo": {
          "maxLength": "10",
          "type": "String",
        },
      },
    ],
    "name": "test-object-2",
    "title": "测试对象2",
  },
  "title": "测试表单",
}
`;
