// Jest Snapshot v1, https://goo.gl/fbAQLP

exports[`application 1`] = `"{"errors":[{"message":"Must provide query string.","extensions":{"code":"BAD_REQUEST"}}]}"`;
