// Jest Snapshot v1, https://goo.gl/fbAQLP

exports[`manifest 1`] = `
{
  "resources": [
    {
      "id": "RESOURCE_DEFINITION_RESOURCE_DEFINITION",
      "kind": "RESOURCE_DEFINITION",
      "parentId": "ROOT",
      "settings": {
        "description": "",
        "kind": "RESOURCE_DEFINITION",
        "subKinds": [],
        "title": "资源定义类型资源定义",
      },
    },
    {
      "id": "RESOURCE_DEFINITION_RESOURCE_HANDLER",
      "kind": "HANDLER",
      "parentId": "RESOURCE_DEFINITION_RESOURCE_DEFINITION",
      "settings": {
        "code": "export * from "@ldsg/resource-definition";",
        "dependencies": [
          {
            "name": "@ldsg/resource-definition",
          },
        ],
        "description": "",
        "title": "资源定义类型资源处理程序",
      },
    },
    {
      "id": "HANDLER_RESOURCE_DEFINITION",
      "kind": "RESOURCE_DEFINITION",
      "parentId": "ROOT",
      "settings": {
        "description": "主要包含引入模块列表与相应的处理程序代码，处理程序类型资源无子级资源。",
        "kind": "HANDLER",
        "subKinds": [],
        "title": "处理程序类型资源定义",
      },
    },
    {
      "id": "HANDLER_RESOURCE_HANDLER",
      "kind": "HANDLER",
      "parentId": "HANDLER_RESOURCE_DEFINITION",
      "settings": {
        "code": "export * from "@ldsg/handler";",
        "dependencies": [
          {
            "name": "@ldsg/handler",
          },
        ],
        "description": "包含处理程序相应的模块，此模块主要通过",
        "title": "处理程序类型资源处理程序",
      },
    },
    {
      "id": "APPLICATION_RESOURCE_DEFINITION",
      "kind": "RESOURCE_DEFINITION",
      "parentId": "ROOT",
      "settings": {
        "description": "",
        "kind": "APPLICATION",
        "subKinds": [],
        "title": "应用类型资源定义",
      },
    },
    {
      "id": "APPLICATION_RESOURCE_HANDLER",
      "kind": "HANDLER",
      "parentId": "APPLICATION_RESOURCE_DEFINITION",
      "settings": {
        "code": "export * from "@ldsg/application";",
        "dependencies": [
          {
            "name": "@ldsg/application",
          },
        ],
        "description": "",
        "title": "应用类型资源处理程序",
      },
    },
    {
      "id": "main-app",
      "kind": "APPLICATION",
      "parentId": "ROOT",
      "settings": {
        "description": "",
        "title": "主要应用",
      },
    },
  ],
}
`;
