// Jest Snapshot v1, https://goo.gl/fbAQLP

exports[`get-resource-kind-map 1`] = `
{
  "application": {
    "resourceDefinitionResource": ResourceDefinitionResource {
      "getFilteredResource": [Function],
      "getFilteredResources": [Function],
      "getHandler": [Function],
      "getResourcesFromSettings": [Function],
      "id": "application-resource-definition",
      "instantiateResource": [Function],
      "kind": "resource_definition",
      "parentId": "root",
      "settings": {
        "description": "",
        "handlerResourceId": "application-resource-handler",
        "kind": "application",
        "subKinds": [],
        "title": "应用类型资源定义",
      },
    },
  },
  "handler": {
    "resourceDefinitionResource": ResourceDefinitionResource {
      "getFilteredResource": [Function],
      "getFilteredResources": [Function],
      "getHandler": [Function],
      "getResourcesFromSettings": [Function],
      "id": "handler-resource-definition",
      "instantiateResource": [Function],
      "kind": "resource_definition",
      "parentId": "root",
      "settings": {
        "description": "主要包含引入模块列表与相应的处理程序代码，处理程序类型资源无子级资源。",
        "handlerResourceId": "handler-resource-handler",
        "kind": "handler",
        "subKinds": [],
        "title": "处理程序类型资源定义",
      },
    },
  },
  "resource_definition": {
    "resourceDefinitionResource": ResourceDefinitionResource {
      "getFilteredResource": [Function],
      "getFilteredResources": [Function],
      "getHandler": [Function],
      "getResourcesFromSettings": [Function],
      "id": "resource-definition-resource-definition",
      "instantiateResource": [Function],
      "kind": "resource_definition",
      "parentId": "root",
      "settings": {
        "description": "",
        "handlerResourceId": "resource-definition-resource-handler",
        "kind": "resource_definition",
        "subKinds": [],
        "title": "资源定义类型资源定义",
      },
    },
  },
}
`;
