// Jest Snapshot v1, https://goo.gl/fbAQLP

exports[`resolve-manifest-resources 1`] = `
{
  "APPLICATION": {
    "resourceDefinitionResource": ResourceDefinitionResource {
      "getFilteredResource": [Function],
      "getFilteredResources": [Function],
      "getHandler": [Function],
      "id": "application-resource-definition",
      "instantiateResource": [Function],
      "kind": "RESOURCE_DEFINITION",
      "parentId": "root",
      "settings": {
        "description": "",
        "handlerResourceId": "application-resource-handler",
        "kind": "APPLICATION",
        "subKinds": [],
        "title": "应用类型资源定义",
      },
    },
  },
  "HANDLER": {
    "resourceDefinitionResource": ResourceDefinitionResource {
      "getFilteredResource": [Function],
      "getFilteredResources": [Function],
      "getHandler": [Function],
      "id": "handler-resource-definition",
      "instantiateResource": [Function],
      "kind": "RESOURCE_DEFINITION",
      "parentId": "root",
      "settings": {
        "description": "主要包含引入模块列表与相应的处理程序代码，处理程序类型资源无子级资源。",
        "handlerResourceId": "handler-resource-handler",
        "kind": "HANDLER",
        "subKinds": [],
        "title": "处理程序类型资源定义",
      },
    },
  },
  "RESOURCE_DEFINITION": {
    "resourceDefinitionResource": ResourceDefinitionResource {
      "getFilteredResource": [Function],
      "getFilteredResources": [Function],
      "getHandler": [Function],
      "id": "resource-definition-resource-definition",
      "instantiateResource": [Function],
      "kind": "RESOURCE_DEFINITION",
      "parentId": "root",
      "settings": {
        "description": "",
        "handlerResourceId": "resource-definition-resource-handler",
        "kind": "RESOURCE_DEFINITION",
        "subKinds": [],
        "title": "资源定义类型资源定义",
      },
    },
  },
}
`;
