// Jest Snapshot v1, https://goo.gl/fbAQLP

exports[`resolve-manifest-resources 1`] = `
[
  ResourceDefinitionResource {
    "getFilteredResource": [Function],
    "getFilteredResources": [Function],
    "getHandler": [Function],
    "id": "resource-definition-resource-definition",
    "instantiateResource": [Function],
    "kind": "RESOURCE_DEFINITION",
    "parentId": "root",
    "settings": {
      "description": "",
      "handlerResourceId": "resource-definition-resource-handler",
      "kind": "RESOURCE_DEFINITION",
      "subKinds": [],
      "title": "资源定义类型资源定义",
    },
  },
  HandlerResource {
    "getFilteredResource": [Function],
    "getFilteredResources": [Function],
    "getHandler": [Function],
    "getModuleId": [Function],
    "id": "resource-definition-resource-handler",
    "kind": "HANDLER",
    "parentId": "root",
    "settings": {
      "code": "export * from "@ldsg/resource-definition";",
      "dependencies": [
        {
          "name": "@ldsg/resource-definition",
        },
      ],
      "description": "",
      "title": "资源定义类型资源处理程序",
    },
  },
  ResourceDefinitionResource {
    "getFilteredResource": [Function],
    "getFilteredResources": [Function],
    "getHandler": [Function],
    "id": "handler-resource-definition",
    "instantiateResource": [Function],
    "kind": "RESOURCE_DEFINITION",
    "parentId": "root",
    "settings": {
      "description": "主要包含引入模块列表与相应的处理程序代码，处理程序类型资源无子级资源。",
      "handlerResourceId": "handler-resource-handler",
      "kind": "HANDLER",
      "subKinds": [],
      "title": "处理程序类型资源定义",
    },
  },
  HandlerResource {
    "getFilteredResource": [Function],
    "getFilteredResources": [Function],
    "getHandler": [Function],
    "getModuleId": [Function],
    "id": "handler-resource-handler",
    "kind": "HANDLER",
    "parentId": "root",
    "settings": {
      "code": "export * from "@ldsg/handler";",
      "dependencies": [
        {
          "name": "@ldsg/handler",
        },
      ],
      "description": "包含处理程序相应的模块，此模块主要通过",
      "title": "处理程序类型资源处理程序",
    },
  },
  ResourceDefinitionResource {
    "getFilteredResource": [Function],
    "getFilteredResources": [Function],
    "getHandler": [Function],
    "id": "application-resource-definition",
    "instantiateResource": [Function],
    "kind": "RESOURCE_DEFINITION",
    "parentId": "root",
    "settings": {
      "description": "",
      "handlerResourceId": "application-resource-handler",
      "kind": "APPLICATION",
      "subKinds": [],
      "title": "应用类型资源定义",
    },
  },
  HandlerResource {
    "getFilteredResource": [Function],
    "getFilteredResources": [Function],
    "getHandler": [Function],
    "getModuleId": [Function],
    "id": "application-resource-handler",
    "kind": "HANDLER",
    "parentId": "root",
    "settings": {
      "code": "export * from "@ldsg/application";",
      "dependencies": [
        {
          "name": "@ldsg/application",
        },
      ],
      "description": "",
      "title": "应用类型资源处理程序",
    },
  },
  ApplicationResource {
    "createApp": [Function],
    "getFilteredResource": [Function],
    "getFilteredResources": [Function],
    "id": "main-app",
    "kind": "APPLICATION",
    "parentId": "root",
    "settings": {
      "description": "",
      "title": "主要应用",
    },
  },
]
`;
