// Jest Snapshot v1, https://goo.gl/fbAQLP

exports[`WorkflowResource execute 1`] = `"jkl"`;
